2026-04-09 09:58:43,590 INFO: 
                ____                _       _____  ____
               / __ ) ____ _ _____ (_)_____/ ___/ / __ \
              / __  |/ __ `// ___// // ___/\__ \ / /_/ /
             / /_/ // /_/ /(__  )/ // /__ ___/ // _, _/
            /_____/ \__,_//____//_/ \___//____//_/ |_|
     ______                   __   __                 __      __
    / ____/____   ____   ____/ /  / /   __  __ _____ / /__   / /
   / / __ / __ \ / __ \ / __  /  / /   / / / // ___// //_/  / /
  / /_/ // /_/ // /_/ // /_/ /  / /___/ /_/ // /__ / /<    /_/
  \____/ \____/ \____/ \____/  /_____/\____/ \___//_/|_|  (_)
    
Version Information: 
	BasicSR: 1.3.4.8
	PyTorch: 2.0.1+cu118
	TorchVision: 0.15.2+cu118
2026-04-09 09:58:43,590 INFO: 
  name: SDANet
  model_type: SDAModel
  scale: 4
  num_gpu: 1
  manual_seed: 10
  datasets:[
    train:[
      name: Chikusei
      type: PairedMatDataset8xAug
      dataroot_gt: ../datasets/Chikusei_x4/trains
      io_backend:[
        type: disk
      ]
      gt_size: 128
      use_hflip: True
      use_rot: True
      use_shuffle: True
      num_worker_per_gpu: 8
      batch_size_per_gpu: 16
      dataset_enlarge_ratio: 1
      prefetch_mode: None
      phase: train
      scale: 4
    ]
    val_1:[
      name: Chikusei_eval
      type: PairedMatDataset8xAug
      dataroot_gt: ../datasets/Chikusei_x4/evals
      io_backend:[
        type: disk
      ]
      phase: val
      scale: 4
    ]
    val_2:[
      name: Chikusei_testmat
      type: TestMatDatasetCHU
      dataroot_gt: ../datasets/Chikusei_x4/Chikusei_test.mat
      io_backend:[
        type: disk
      ]
      phase: val
      scale: 4
    ]
  ]
  network_g:[
    type: SDANET
    n_feats: 128
    n_block: [2, 2, 2, 2]
    n_group: 4
    num_heads: 4
    scale: 4
    n_colors: 128
    n_lms_colors: 128
    drop_path_rate: 0.4
    expansion_ratio: 1.0
    ste_mask_tau: 0.15
  ]
  path:[
    pretrain_network_g: None
    strict_load_g: False
    resume_state: None
    experiments_root: /data1/zhangtengya/BasicSR_SDAnet_Open/experiments/SDANet
    models: /data1/zhangtengya/BasicSR_SDAnet_Open/experiments/SDANet/models
    training_states: /data1/zhangtengya/BasicSR_SDAnet_Open/experiments/SDANet/training_states
    log: /data1/zhangtengya/BasicSR_SDAnet_Open/experiments/SDANet
    visualization: /data1/zhangtengya/BasicSR_SDAnet_Open/experiments/SDANet/visualization
  ]
  train:[
    ema_decay: 0.999
    optim_g:[
      type: Adam
      lr: 0.0004
      weight_decay: 0
      betas: [0.9, 0.99]
    ]
    scheduler:[
      type: CosineAnnealingRestartLR
      periods: [50000]
      restart_weights: [1]
      eta_min: 1e-07
    ]
    total_iter: 33000
    warmup_iter: -1
    pixel_opt:[
      type: L1Loss
      loss_weight: 1.0
      reduction: mean
    ]
    sam_opt:[
      type: SAMLoss
      loss_weight: 0.3
    ]
  ]
  val:[
    val_freq: 3000.0
    save_img: False
    pbar: False
    metrics:[
      ssim:[
        type: calculate_ssim_float
        crop_border: 0
        data_range: 1
      ]
      mpsnr:[
        type: calculate_mpsnr_hsi
        crop_border: 0
        data_range: 1
      ]
      sam:[
        type: calculate_sam_hsi
        crop_border: 0
      ]
      ergas:[
        type: calculate_ergas_hsi
        crop_border: 0
      ]
      CC:[
        type: calculate_corr_hsi
        crop_border: 0
      ]
    ]
  ]
  logger:[
    print_freq: 100
    save_checkpoint_freq: 33000.0
    use_tb_logger: True
    wandb:[
      project: None
      resume_id: None
    ]
  ]
  dist_params:[
    backend: nccl
    port: 29706
  ]
  dist: False
  rank: 0
  world_size: 1
  auto_resume: False
  is_train: True
  root_path: /data1/zhangtengya/BasicSR_SDAnet_Open

2026-04-09 09:58:43,687 INFO: Dataset [PairedMatDataset8xAug] - Chikusei is built.
2026-04-09 09:58:43,687 INFO: Training statistics:
	Number of train images: 6024
	Dataset enlarge ratio: 1
	Batch size per gpu: 16
	World size (gpu number): 1
	Require iter number per epoch: 377
	Total epochs: 88; iters: 33000.
2026-04-09 09:58:43,687 INFO: Dataset [PairedMatDataset8xAug] - Chikusei_eval is built.
2026-04-09 09:58:43,687 INFO: Number of val images/folders in Chikusei_eval: 672
2026-04-09 09:58:53,849 INFO: Dataset [TestMatDatasetCHU] - Chikusei_testmat is built.
2026-04-09 09:58:53,850 INFO: Number of val images/folders in Chikusei_testmat: 4
2026-04-09 09:58:54,034 INFO: Network [SDANET] is created.
2026-04-09 09:58:54,270 INFO: Network: SDANET, with parameters: 3,086,272
2026-04-09 09:58:54,270 INFO: SDANET(
  (head): Conv2d(128, 128, kernel_size=(3, 3), stride=(1, 1), padding=(1, 1))
  (body): ModuleList(
    (0-3): 4 x SDAStage(
      (body): ModuleList(
        (0): SDABlock(
          (norm1): LayerNorm()
          (fused_attn): DSCA(
            (k_dconv): Conv2d(128, 128, kernel_size=(3, 3), stride=(1, 1), padding=(1, 1), groups=128, bias=False)
            (k_mlp): Sequential(
              (0): Conv2d(128, 16, kernel_size=(1, 1), stride=(1, 1))
              (1): GELU(approximate='none')
              (2): Conv2d(16, 128, kernel_size=(1, 1), stride=(1, 1))
              (3): Sigmoid()
            )
            (q_proj): Conv2d(128, 128, kernel_size=(1, 1), stride=(1, 1), bias=False)
            (k_proj): Conv2d(128, 128, kernel_size=(1, 1), stride=(1, 1), bias=False)
            (v_proj): Conv2d(128, 128, kernel_size=(1, 1), stride=(1, 1), bias=False)
            (q_dw): Conv2d(128, 128, kernel_size=(3, 3), stride=(1, 1), padding=(1, 1), groups=128, bias=False)
            (k_dw): Conv2d(128, 128, kernel_size=(3, 3), stride=(1, 1), padding=(1, 1), groups=128, bias=False)
            (v_dw): Conv2d(128, 128, kernel_size=(3, 3), stride=(1, 1), padding=(1, 1), groups=128, bias=False)
            (project_out): Conv2d(128, 128, kernel_size=(1, 1), stride=(1, 1), bias=False)
            (local_dw): Conv2d(128, 128, kernel_size=(3, 3), stride=(1, 1), padding=(1, 1), groups=128)
            (local_pw): Conv2d(128, 128, kernel_size=(1, 1), stride=(1, 1))
            (local_act): GELU(approximate='none')
            (se_reduce): Conv2d(128, 32, kernel_size=(1, 1), stride=(1, 1), bias=False)
            (se_expand): Conv2d(32, 128, kernel_size=(1, 1), stride=(1, 1), bias=False)
            (fusion): Conv2d(256, 128, kernel_size=(1, 1), stride=(1, 1))
          )
          (drop_path1): Identity()
          (norm2): LayerNorm()
          (ffn_prestep): Sequential(
            (0): Conv2d(128, 128, kernel_size=(1, 1), stride=(1, 1))
            (1): GELU(approximate='none')
            (2): Dropout(p=0.2, inplace=False)
            (3): Conv2d(128, 128, kernel_size=(3, 3), stride=(1, 1), padding=(1, 1), groups=128)
            (4): GELU(approximate='none')
            (5): Dropout(p=0.2, inplace=False)
            (6): Conv2d(128, 128, kernel_size=(1, 1), stride=(1, 1))
          )
          (ffn_fe): FEFeedForward(
            (expand): Conv2d(128, 128, kernel_size=(1, 1), stride=(1, 1), bias=False)
            (f5_real): Conv2d(64, 64, kernel_size=(5, 5), stride=(1, 1), padding=(2, 2), groups=64, bias=False)
            (f5_imag): Conv2d(64, 64, kernel_size=(5, 5), stride=(1, 1), padding=(2, 2), groups=64, bias=False)
            (f3_real): Conv2d(64, 64, kernel_size=(3, 3), stride=(1, 1), padding=(1, 1), groups=64, bias=False)
            (f3_imag): Conv2d(64, 64, kernel_size=(3, 3), stride=(1, 1), padding=(1, 1), groups=64, bias=False)
            (spatial5): Conv2d(64, 64, kernel_size=(5, 5), stride=(1, 1), padding=(2, 2), groups=64, bias=False)
            (spatial3): Conv2d(64, 64, kernel_size=(3, 3), stride=(1, 1), padding=(1, 1), groups=64, bias=False)
            (act): GELU(approximate='none')
            (drop1): Dropout(p=0.2, inplace=False)
            (drop2): Dropout(p=0.2, inplace=False)
            (project): Conv2d(128, 128, kernel_size=(1, 1), stride=(1, 1), bias=False)
          )
          (drop_path2): Identity()
        )
        (1): SDABlock(
          (norm1): LayerNorm()
          (fused_attn): DSCA(
            (k_dconv): Conv2d(128, 128, kernel_size=(3, 3), stride=(1, 1), padding=(1, 1), groups=128, bias=False)
            (k_mlp): Sequential(
              (0): Conv2d(128, 16, kernel_size=(1, 1), stride=(1, 1))
              (1): GELU(approximate='none')
              (2): Conv2d(16, 128, kernel_size=(1, 1), stride=(1, 1))
              (3): Sigmoid()
            )
            (q_proj): Conv2d(128, 128, kernel_size=(1, 1), stride=(1, 1), bias=False)
            (k_proj): Conv2d(128, 128, kernel_size=(1, 1), stride=(1, 1), bias=False)
            (v_proj): Conv2d(128, 128, kernel_size=(1, 1), stride=(1, 1), bias=False)
            (q_dw): Conv2d(128, 128, kernel_size=(3, 3), stride=(1, 1), padding=(1, 1), groups=128, bias=False)
            (k_dw): Conv2d(128, 128, kernel_size=(3, 3), stride=(1, 1), padding=(1, 1), groups=128, bias=False)
            (v_dw): Conv2d(128, 128, kernel_size=(3, 3), stride=(1, 1), padding=(1, 1), groups=128, bias=False)
            (project_out): Conv2d(128, 128, kernel_size=(1, 1), stride=(1, 1), bias=False)
            (local_dw): Conv2d(128, 128, kernel_size=(3, 3), stride=(1, 1), padding=(1, 1), groups=128)
            (local_pw): Conv2d(128, 128, kernel_size=(1, 1), stride=(1, 1))
            (local_act): GELU(approximate='none')
            (se_reduce): Conv2d(128, 32, kernel_size=(1, 1), stride=(1, 1), bias=False)
            (se_expand): Conv2d(32, 128, kernel_size=(1, 1), stride=(1, 1), bias=False)
            (fusion): Conv2d(256, 128, kernel_size=(1, 1), stride=(1, 1))
          )
          (drop_path1): DropPath()
          (norm2): LayerNorm()
          (ffn_prestep): Sequential(
            (0): Conv2d(128, 128, kernel_size=(1, 1), stride=(1, 1))
            (1): GELU(approximate='none')
            (2): Dropout(p=0.2, inplace=False)
            (3): Conv2d(128, 128, kernel_size=(3, 3), stride=(1, 1), padding=(1, 1), groups=128)
            (4): GELU(approximate='none')
            (5): Dropout(p=0.2, inplace=False)
            (6): Conv2d(128, 128, kernel_size=(1, 1), stride=(1, 1))
          )
          (ffn_fe): FEFeedForward(
            (expand): Conv2d(128, 128, kernel_size=(1, 1), stride=(1, 1), bias=False)
            (f5_real): Conv2d(64, 64, kernel_size=(5, 5), stride=(1, 1), padding=(2, 2), groups=64, bias=False)
            (f5_imag): Conv2d(64, 64, kernel_size=(5, 5), stride=(1, 1), padding=(2, 2), groups=64, bias=False)
            (f3_real): Conv2d(64, 64, kernel_size=(3, 3), stride=(1, 1), padding=(1, 1), groups=64, bias=False)
            (f3_imag): Conv2d(64, 64, kernel_size=(3, 3), stride=(1, 1), padding=(1, 1), groups=64, bias=False)
            (spatial5): Conv2d(64, 64, kernel_size=(5, 5), stride=(1, 1), padding=(2, 2), groups=64, bias=False)
            (spatial3): Conv2d(64, 64, kernel_size=(3, 3), stride=(1, 1), padding=(1, 1), groups=64, bias=False)
            (act): GELU(approximate='none')
            (drop1): Dropout(p=0.2, inplace=False)
            (drop2): Dropout(p=0.2, inplace=False)
            (project): Conv2d(128, 128, kernel_size=(1, 1), stride=(1, 1), bias=False)
          )
          (drop_path2): DropPath()
        )
      )
      (body_tail): Conv2d(128, 128, kernel_size=(1, 1), stride=(1, 1))
    )
  )
  (body_tail): Conv2d(128, 128, kernel_size=(3, 3), stride=(1, 1), padding=(1, 1))
  (upsampler): HSI_Upsampler(
    (path1_ps): Sequential(
      (0): Conv2d(128, 512, kernel_size=(3, 3), stride=(1, 1), padding=(1, 1))
      (1): PixelShuffle(upscale_factor=2)
      (2): GELU(approximate='none')
    )
    (path2_interp): Sequential(
      (0): Upsample(scale_factor=2.0, mode='bicubic')
      (1): Conv2d(128, 128, kernel_size=(3, 3), stride=(1, 1), padding=(1, 1))
    )
    (fusion): Conv2d(256, 128, kernel_size=(1, 1), stride=(1, 1))
  )
  (lms_proc): Conv2d(128, 128, kernel_size=(3, 3), stride=(1, 1), padding=(1, 1))
  (final_conv): Conv2d(128, 128, kernel_size=(3, 3), stride=(1, 1), padding=(1, 1))
)
2026-04-09 09:58:54,271 INFO: Use Exponential Moving Average with decay: 0.999
2026-04-09 09:58:54,303 INFO: Network [SDANET] is created.
2026-04-09 09:58:54,335 INFO: Loss [L1Loss] is created.
2026-04-09 09:58:54,335 INFO: Loss [SAMLoss] is created.
2026-04-09 09:58:54,336 INFO: Model [SDAModel] is created.
2026-04-09 09:58:54,509 INFO: Start training from epoch: 0, iter: 0
2026-04-09 10:02:50,889 INFO: [SDANe..][epoch:  0, iter:     100, lr:(4.000e-04,)] [eta: 13:29:06, time (data): 2.364 (1.601)] l_pix: 1.0531e-02 l_sam: 7.3505e-03 
2026-04-09 10:03:51,907 INFO: [SDANe..][epoch:  0, iter:     200, lr:(4.000e-04,)] [eta: 9:31:16, time (data): 1.487 (1.040)] l_pix: 9.2028e-03 l_sam: 5.7954e-03 
2026-04-09 10:04:22,179 INFO: [SDANe..][epoch:  0, iter:     300, lr:(4.000e-04,)] [eta: 7:15:07, time (data): 0.299 (0.161)] l_pix: 8.4681e-03 l_sam: 5.6489e-03 
2026-04-09 10:05:22,492 INFO: [SDANe..][epoch:  1, iter:     400, lr:(3.999e-04,)] [eta: 6:47:20, time (data): 0.452 (0.313)] l_pix: 7.9570e-03 l_sam: 5.1595e-03 
2026-04-09 10:06:05,229 INFO: [SDANe..][epoch:  1, iter:     500, lr:(3.999e-04,)] [eta: 6:11:14, time (data): 0.432 (0.295)] l_pix: 8.4759e-03 l_sam: 5.7430e-03 
2026-04-09 10:06:23,681 INFO: [SDANe..][epoch:  1, iter:     600, lr:(3.999e-04,)] [eta: 5:25:05, time (data): 0.307 (0.172)] l_pix: 8.7024e-03 l_sam: 5.7708e-03 
2026-04-09 10:06:42,223 INFO: [SDANe..][epoch:  1, iter:     700, lr:(3.998e-04,)] [eta: 4:52:05, time (data): 0.185 (0.048)] l_pix: 8.0469e-03 l_sam: 5.1135e-03 
2026-04-09 10:07:16,405 INFO: [SDANe..][epoch:  2, iter:     800, lr:(3.997e-04,)] [eta: 4:37:44, time (data): 0.265 (0.127)] l_pix: 7.2755e-03 l_sam: 4.6494e-03 
2026-04-09 10:07:39,050 INFO: [SDANe..][epoch:  2, iter:     900, lr:(3.997e-04,)] [eta: 4:19:35, time (data): 0.229 (0.096)] l_pix: 8.0098e-03 l_sam: 4.9553e-03 
2026-04-09 10:07:59,570 INFO: [SDANe..][epoch:  2, iter:   1,000, lr:(3.996e-04,)] [eta: 4:03:51, time (data): 0.217 (0.084)] l_pix: 6.8169e-03 l_sam: 4.5339e-03 
2026-04-09 10:08:38,780 INFO: [SDANe..][epoch:  2, iter:   1,100, lr:(3.995e-04,)] [eta: 3:59:57, time (data): 0.404 (0.272)] l_pix: 7.0727e-03 l_sam: 4.2959e-03 
2026-04-09 10:10:01,909 INFO: [SDANe..][epoch:  3, iter:   1,200, lr:(3.994e-04,)] [eta: 4:15:58, time (data): 0.623 (0.486)] l_pix: 6.9928e-03 l_sam: 4.5344e-03 
2026-04-09 10:10:36,007 INFO: [SDANe..][epoch:  3, iter:   1,300, lr:(3.993e-04,)] [eta: 4:09:23, time (data): 0.349 (0.203)] l_pix: 7.7240e-03 l_sam: 4.8489e-03 
2026-04-09 10:10:57,101 INFO: [SDANe..][epoch:  3, iter:   1,400, lr:(3.992e-04,)] [eta: 3:58:47, time (data): 0.278 (0.129)] l_pix: 6.7700e-03 l_sam: 4.0693e-03 
2026-04-09 10:11:17,255 INFO: [SDANe..][epoch:  3, iter:   1,500, lr:(3.991e-04,)] [eta: 3:49:13, time (data): 0.199 (0.054)] l_pix: 7.5069e-03 l_sam: 4.6669e-03 
2026-04-09 10:11:37,338 INFO: [SDANe..][epoch:  4, iter:   1,600, lr:(3.990e-04,)] [eta: 3:40:47, time (data): 0.200 (0.058)] l_pix: 7.2291e-03 l_sam: 4.2223e-03 
2026-04-09 10:11:58,524 INFO: [SDANe..][epoch:  4, iter:   1,700, lr:(3.989e-04,)] [eta: 3:33:39, time (data): 0.213 (0.058)] l_pix: 7.0865e-03 l_sam: 4.3140e-03 
2026-04-09 10:12:18,528 INFO: [SDANe..][epoch:  4, iter:   1,800, lr:(3.987e-04,)] [eta: 3:26:55, time (data): 0.206 (0.056)] l_pix: 6.8209e-03 l_sam: 4.4849e-03 
2026-04-09 10:12:51,519 INFO: [SDANe..][epoch:  5, iter:   1,900, lr:(3.986e-04,)] [eta: 3:24:24, time (data): 0.341 (0.206)] l_pix: 7.7774e-03 l_sam: 4.8656e-03 
2026-04-09 10:13:36,348 INFO: [SDANe..][epoch:  5, iter:   2,000, lr:(3.984e-04,)] [eta: 3:25:08, time (data): 0.397 (0.263)] l_pix: 5.8021e-03 l_sam: 3.5418e-03 
2026-04-09 10:14:17,904 INFO: [SDANe..][epoch:  5, iter:   2,100, lr:(3.983e-04,)] [eta: 3:24:55, time (data): 0.422 (0.270)] l_pix: 6.9569e-03 l_sam: 3.7849e-03 
2026-04-09 10:14:38,229 INFO: [SDANe..][epoch:  5, iter:   2,200, lr:(3.981e-04,)] [eta: 3:19:43, time (data): 0.307 (0.159)] l_pix: 5.2558e-03 l_sam: 3.2853e-03 
2026-04-09 10:14:57,949 INFO: [SDANe..][epoch:  6, iter:   2,300, lr:(3.979e-04,)] [eta: 3:14:48, time (data): 0.198 (0.060)] l_pix: 7.0006e-03 l_sam: 4.1557e-03 
2026-04-09 10:15:16,774 INFO: [SDANe..][epoch:  6, iter:   2,400, lr:(3.977e-04,)] [eta: 3:10:05, time (data): 0.193 (0.054)] l_pix: 7.4607e-03 l_sam: 4.7918e-03 
2026-04-09 10:15:39,837 INFO: [SDANe..][epoch:  6, iter:   2,500, lr:(3.975e-04,)] [eta: 3:06:34, time (data): 0.230 (0.090)] l_pix: 6.5629e-03 l_sam: 3.8786e-03 
2026-04-09 10:16:12,289 INFO: [SDANe..][epoch:  6, iter:   2,600, lr:(3.973e-04,)] [eta: 3:05:08, time (data): 0.280 (0.145)] l_pix: 6.5105e-03 l_sam: 4.0491e-03 
2026-04-09 10:16:32,822 INFO: [SDANe..][epoch:  7, iter:   2,700, lr:(3.971e-04,)] [eta: 3:01:32, time (data): 0.207 (0.067)] l_pix: 7.3338e-03 l_sam: 4.6920e-03 
2026-04-09 10:16:50,865 INFO: [SDANe..][epoch:  7, iter:   2,800, lr:(3.969e-04,)] [eta: 2:57:43, time (data): 0.193 (0.056)] l_pix: 6.5770e-03 l_sam: 3.7674e-03 
2026-04-09 10:17:09,440 INFO: [SDANe..][epoch:  7, iter:   2,900, lr:(3.967e-04,)] [eta: 2:54:14, time (data): 0.188 (0.047)] l_pix: 6.1340e-03 l_sam: 3.7167e-03 
2026-04-09 10:17:28,545 INFO: [SDANe..][epoch:  7, iter:   3,000, lr:(3.965e-04,)] [eta: 2:51:03, time (data): 0.189 (0.050)] l_pix: 7.6566e-03 l_sam: 4.6211e-03 
2026-04-09 10:17:28,546 WARNING: Multiple validation datasets are *only* supported by SRModel.
2026-04-09 10:23:34,136 INFO: Validation Chikusei_eval
	 # ssim: 0.9103	Best: 0.9103 @ 3000 iter
	 # mpsnr: 37.4125	Best: 37.4125 @ 3000 iter
	 # sam: 3.9002	Best: 3.9002 @ 3000 iter
	 # ergas: 6.8366	Best: 6.8366 @ 3000 iter
	 # CC: 0.9166	Best: 0.9166 @ 3000 iter

2026-04-09 10:24:25,675 INFO: Validation Chikusei_testmat
	 # ssim: 0.9147	Best: 0.9147 @ 3000 iter
	 # mpsnr: 37.1319	Best: 37.1319 @ 3000 iter
	 # sam: 3.6460	Best: 3.6460 @ 3000 iter
	 # ergas: 7.1040	Best: 7.1040 @ 3000 iter
	 # CC: 0.9417	Best: 0.9417 @ 3000 iter

2026-04-09 10:28:50,051 INFO: [SDANe..][epoch:  8, iter:   3,100, lr:(3.962e-04,)] [eta: 4:34:29, time (data): 2.615 (2.480)] l_pix: 6.1873e-03 l_sam: 4.0362e-03 
2026-04-09 10:29:46,643 INFO: [SDANe..][epoch:  8, iter:   3,200, lr:(3.960e-04,)] [eta: 4:33:48, time (data): 1.507 (1.370)] l_pix: 6.7802e-03 l_sam: 4.1873e-03 
2026-04-09 10:30:31,577 INFO: [SDANe..][epoch:  8, iter:   3,300, lr:(3.957e-04,)] [eta: 4:31:22, time (data): 0.495 (0.353)] l_pix: 5.7968e-03 l_sam: 3.8369e-03 
2026-04-09 10:31:42,684 INFO: [SDANe..][epoch:  9, iter:   3,400, lr:(3.955e-04,)] [eta: 4:32:48, time (data): 0.612 (0.474)] l_pix: 6.0633e-03 l_sam: 3.5572e-03 
2026-04-09 10:32:02,631 INFO: [SDANe..][epoch:  9, iter:   3,500, lr:(3.952e-04,)] [eta: 4:26:55, time (data): 0.195 (0.051)] l_pix: 5.6176e-03 l_sam: 3.4252e-03 
2026-04-09 10:32:34,087 INFO: [SDANe..][epoch:  9, iter:   3,600, lr:(3.949e-04,)] [eta: 4:22:55, time (data): 0.260 (0.122)] l_pix: 7.0915e-03 l_sam: 4.4600e-03 
2026-04-09 10:32:53,820 INFO: [SDANe..][epoch:  9, iter:   3,700, lr:(3.946e-04,)] [eta: 4:17:32, time (data): 0.193 (0.050)] l_pix: 5.7678e-03 l_sam: 3.5038e-03 
2026-04-09 10:33:40,268 INFO: [SDANe..][epoch: 10, iter:   3,800, lr:(3.943e-04,)] [eta: 4:15:51, time (data): 0.342 (0.208)] l_pix: 5.9274e-03 l_sam: 3.5976e-03 
2026-04-09 10:38:31,529 INFO: [SDANe..][epoch: 10, iter:   3,900, lr:(3.940e-04,)] [eta: 4:44:39, time (data): 2.714 (2.580)] l_pix: 6.2271e-03 l_sam: 3.6568e-03 
